// Jest Snapshot v1, https://goo.gl/fbAQLP

exports[`<GenreBadgeList /> should matches with snapshot 1`] = `
.c1 {
  display: -webkit-box;
  display: -webkit-flex;
  display: -ms-flexbox;
  display: flex;
}

.c2 {
  border-radius: 0.6rem;
  padding: 1rem 2rem;
  text-align: center;
  font-weight: 400;
  border: 0.2rem solid #FA9F42;
  font-size: 1.8rem;
  color: #FFFFFF;
}

.c0 {
  display: -webkit-box;
  display: -webkit-flex;
  display: -ms-flexbox;
  display: flex;
  gap: 1rem;
  -webkit-flex-wrap: wrap;
  -ms-flex-wrap: wrap;
  flex-wrap: wrap;
  -webkit-box-pack: center;
  -webkit-justify-content: center;
  -ms-flex-pack: center;
  justify-content: center;
  -webkit-align-items: center;
  -webkit-box-align: center;
  -ms-flex-align: center;
  align-items: center;
}

<div
  class="c0"
>
  <div
    class="c1"
  >
    <p
      class="c2"
    >
      Action
    </p>
  </div>
  <div
    class="c1"
  >
    <p
      class="c2"
    >
      Adventure
    </p>
  </div>
</div>
`;
