// Jest Snapshot v1, https://goo.gl/fbAQLP

exports[`<PageTemplate /> should matches with snapshot 1`] = `
.c1 {
  color: #413B3B;
  text-align: center;
  text-transform: uppercase;
  padding-bottom: 2rem;
}

.c0 {
  background-color: #F11C27;
  height: 25vh;
  display: -webkit-box;
  display: -webkit-flex;
  display: -ms-flexbox;
  display: flex;
  -webkit-align-items: center;
  -webkit-box-align: center;
  -ms-flex-align: center;
  align-items: center;
  -webkit-box-pack: center;
  -webkit-justify-content: center;
  -ms-flex-pack: center;
  justify-content: center;
}

<header
  class="c0"
  data-testid="header"
>
  <h1
    class="c1"
  >
    Filmes populares
  </h1>
</header>
`;
