// Jest Snapshot v1, https://goo.gl/fbAQLP

exports[`<MovieDetails /> should matches with snapshot 1`] = `
.c4 {
  display: -webkit-box;
  display: -webkit-flex;
  display: -ms-flexbox;
  display: flex;
}

.c5 {
  border-radius: 0.6rem;
  padding: 1rem 2rem;
  text-align: center;
  font-weight: 400;
  border: 0.2rem solid #FA9F42;
  font-size: 1.8rem;
  color: #FFFFFF;
}

.c3 {
  display: -webkit-box;
  display: -webkit-flex;
  display: -ms-flexbox;
  display: flex;
  gap: 1rem;
  -webkit-flex-wrap: wrap;
  -ms-flex-wrap: wrap;
  flex-wrap: wrap;
  -webkit-box-pack: center;
  -webkit-justify-content: center;
  -ms-flex-pack: center;
  justify-content: center;
  -webkit-align-items: center;
  -webkit-box-align: center;
  -ms-flex-align: center;
  align-items: center;
}

.c2 {
  color: #FFFFFF;
  text-align: center;
  text-transform: none;
  padding-bottom: 2rem;
}

.c7 {
  display: -webkit-box;
  display: -webkit-flex;
  display: -ms-flexbox;
  display: flex;
  -webkit-align-items: center;
  -webkit-box-align: center;
  -ms-flex-align: center;
  align-items: center;
  -webkit-box-pack: center;
  -webkit-justify-content: center;
  -ms-flex-pack: center;
  justify-content: center;
  -webkit-column-gap: 1.4rem;
  column-gap: 1.4rem;
  color: #FFFFFF;
}

.c7::before {
  content: url(star.svg);
  -webkit-filter: invert(72%) sepia(86%) saturate(526%) hue-rotate(8deg) brightness(170%) contrast(101%);
  filter: invert(72%) sepia(86%) saturate(526%) hue-rotate(8deg) brightness(170%) contrast(101%);
}

.c6 {
  font-weight: 400;
  font-size: 1.8rem;
  color: #FFFFFF;
  text-align: center;
}

.c0 {
  margin: 0 auto;
  width: 70vw;
  display: -webkit-box;
  display: -webkit-flex;
  display: -ms-flexbox;
  display: flex;
  padding: 3rem 0;
}

.c1 {
  display: -webkit-box;
  display: -webkit-flex;
  display: -ms-flexbox;
  display: flex;
  -webkit-align-items: center;
  -webkit-box-align: center;
  -ms-flex-align: center;
  align-items: center;
  -webkit-box-pack: center;
  -webkit-justify-content: center;
  -ms-flex-pack: center;
  justify-content: center;
  -webkit-flex-direction: column;
  -ms-flex-direction: column;
  flex-direction: column;
  padding: 5rem;
  row-gap: 1.3rem;
}

.c8 {
  width: 50%;
  object-fit: cover;
}

<div
  class="c0"
>
  <aside
    class="c1"
  >
    <h2
      class="c2"
    >
      Duna
    </h2>
    <div
      class="c3"
    >
      <div
        class="c4"
      >
        <p
          class="c5"
        >
          Action
        </p>
      </div>
      <div
        class="c4"
      >
        <p
          class="c5"
        >
          Adventure
        </p>
      </div>
    </div>
    <p
      class="c6"
    >
      Lan√ßou em: 15 de fevereiro de 2021
    </p>
    <h4
      class="c7"
    >
      9
    </h4>
    <p
      class="c6"
    >
      Lorem ipsum dolor sit amet, consectetur adipiscing elit, sed do eiusmod tempor incididunt ut labore et dolore magna aliqua. Ut enim ad minim veniam, quis nostrud exercitation ullamco laboris nisi ut aliquip ex ea commodo consequat.
    </p>
  </aside>
  <img
    alt="poster do filme Duna"
    class="c8"
    src="https://image.tmdb.org/t/p/original/s9E9W77HS8zEQvsrpz5aEUTKnvD.jpg"
  />
</div>
`;
