// Jest Snapshot v1, https://goo.gl/fbAQLP

exports[`<Heading /> should matches with snapshot 1`] = `
.c0 {
  color: #FFFFFF;
  text-align: left;
  text-transform: none;
  padding-bottom: 2rem;
}

<h1
  class="c0"
>
  Some text
</h1>
`;
